****************************************
Report : constraint
        -verbose
        -all_violators
        -max_capacitance
Design : UART
Version: O-2018.06-SP1
Date   : Sat Apr 27 15:21:16 2024
****************************************




   Total number of violation(s): 0
1
****************************************
Report : constraint
        -verbose
        -all_violators
        -max_capacitance
Design : UART
Version: O-2018.06-SP1
Date   : Sat Apr 27 16:41:56 2024
****************************************




   Total number of violation(s): 0
1
****************************************
Report : constraint
        -verbose
        -all_violators
        -max_capacitance
Design : UART
Version: O-2018.06-SP1
Date   : Sun Apr 28 19:11:53 2024
****************************************




   Total number of violation(s): 0
1
****************************************
Report : constraint
        -verbose
        -all_violators
        -max_capacitance
Design : UART
Version: O-2018.06-SP1
Date   : Sun Apr 28 19:25:11 2024
****************************************




   Total number of violation(s): 0
1
