 
****************************************
Report : constraint
        -all_violators
Design : UART
Version: O-2018.06-SP1
Date   : Sat Apr 20 12:22:46 2024
****************************************


   min_delay/hold ('UART_CLK_RX' group)

                             Required        Actual
   Endpoint                 Path Delay     Path Delay        Slack
   -----------------------------------------------------------------
   U0_UART_RX/U0_edge_bit_counter/bit_count_reg_3_/D
                                0.10           0.09 f        -0.01  (VIOLATED)
   U0_UART_RX/U0_edge_bit_counter/edge_count_reg_1_/D
                                0.10           0.09 f        -0.01  (VIOLATED)
   U0_UART_RX/U0_edge_bit_counter/edge_count_reg_3_/D
                                0.10           0.09 f        -0.01  (VIOLATED)
   U0_UART_RX/U0_edge_bit_counter/edge_count_reg_5_/D
                                0.10           0.09 f        -0.01  (VIOLATED)


   min_delay/hold ('UART_CLK_TX' group)

                             Required        Actual
   Endpoint                 Path Delay     Path Delay        Slack
   -----------------------------------------------------------------
   U0_UART_TX/U0_Serializer/ser_count_reg_0_/D
                                0.10           0.08 f        -0.02  (VIOLATED)


1
