Information: Using 1 threads for LVS
[Check Short] Stage 1	Elapsed =    0:00:00, CPU =    0:00:00
[Check Short] Stage 1-2	Elapsed =    0:00:00, CPU =    0:00:00
[Check Short] Stage 2	Elapsed =    0:00:00, CPU =    0:00:00
[Check Short] Stage 2-2	Elapsed =    0:00:00, CPU =    0:00:00
[Check Short] Stage 3	Elapsed =    0:00:00, CPU =    0:00:00
[Check Short] End	Elapsed =    0:00:00, CPU =    0:00:00
[Check Net] Init	Elapsed =    0:00:00, CPU =    0:00:00
Warning: Port VDD have no valid pin shapes. Skip this port. (RT-203)
Warning: Port VSS have no valid pin shapes. Skip this port. (RT-203)
[Check Net] 10% 	Elapsed =    0:00:00, CPU =    0:00:00
[Check Net] 20% 	Elapsed =    0:00:00, CPU =    0:00:00
[Check Net] 30% 	Elapsed =    0:00:00, CPU =    0:00:00
[Check Net] 40% 	Elapsed =    0:00:00, CPU =    0:00:00
[Check Net] 50% 	Elapsed =    0:00:00, CPU =    0:00:00
[Check Net] 60% 	Elapsed =    0:00:00, CPU =    0:00:00
[Check Net] 70% 	Elapsed =    0:00:00, CPU =    0:00:00
[Check Net] 80% 	Elapsed =    0:00:00, CPU =    0:00:00
[Check Net] 90% 	Elapsed =    0:00:00, CPU =    0:00:00
[Check Net] All nets are submitted.
[Check Net] 100%	Elapsed =    0:00:00, CPU =    0:00:00
Information: Detected floating route violation for Net VDD. BBox: (3.0000 3.0000)(45.7120 44.8000). (RT-587)
Information: Detected open violation for Net VSS. BBox: (3.0000 4.1050)(45.7120 44.8300). (RT-585)
Information: Detected floating route violation for Net VSS. BBox: (3.0000 3.0000)(45.7120 44.8000). (RT-587)
Information: Detected open violation for Net VDD. BBox: (3.0000 2.9700)(45.7120 43.9860). (RT-585)

===============================================================
    Maximum number of violations is set to 20
    Abort checking when more than 20 violations are found
    All violations might not be found.
===============================================================
Total number of input nets is 441.
Total number of short violations is 0.
Total number of open nets is 2.
Open nets are VDD VSS 
Total number of floating route violations is 2.

Elapsed =    0:00:00, CPU =    0:00:00
1
