Warning: Layer MRDL does not have a preferred direction, assigning to vertical. (ZRT-025)
Found antenna rule mode 4, diode mode 2:
	layer M1:  max ratio 1000, diode ratio {0.06 0 400 40000} 
	layer M2:  max ratio 1000, diode ratio {0.06 0 400 40000} 
	layer M3:  max ratio 1000, diode ratio {0.06 0 400 40000} 
	layer M4:  max ratio 1000, diode ratio {0.06 0 400 40000} 
	layer M5:  max ratio 1000, diode ratio {0.06 0 400 40000} 
	layer M6:  max ratio 1000, diode ratio {0.06 0 400 40000} 
	layer M7:  max ratio 1000, diode ratio {0.06 0 400 40000} 
	layer M8:  max ratio 1000, diode ratio {0.06 0 400 40000} 
	layer M9:  max ratio 1000, diode ratio {0.06 0 8000 50000} 
	layer MRDL:  max ratio 1000, diode ratio {0 0 1 0 0} 
	layer CO: , diode ratio {0 0 1 0 0} 
	layer VIA1:  max ratio 20, diode ratio {0.06 0 200 1000} 
	layer VIA2:  max ratio 20, diode ratio {0.06 0 200 1000} 
	layer VIA3:  max ratio 20, diode ratio {0.06 0 200 1000} 
	layer VIA4:  max ratio 20, diode ratio {0.06 0 200 1000} 
	layer VIA5:  max ratio 20, diode ratio {0.06 0 200 1000} 
	layer VIA6:  max ratio 20, diode ratio {0.06 0 200 1000} 
	layer VIA7:  max ratio 20, diode ratio {0.06 0 200 1000} 
	layer VIA8:  max ratio 20, diode ratio {0.06 0 200 1000} 
	layer VIARDL:  max ratio 20, diode ratio {0 0 1 0 0} 
Cell Min-Routing-Layer = M1
Cell Max-Routing-Layer = M9
Warning: Cannot find a default contact code for layer CO. (ZRT-022)
Info: number of net_type_blockage: 0 


Start checking for open nets ... 

Total number of nets = 443, of which 0 are not extracted
Total number of open nets = 0, of which 0 are frozen

Check 443 nets, 0 have Errors

[CHECK OPEN NETS] Elapsed real time: 0:00:00 
[CHECK OPEN NETS] Elapsed cpu  time: sys=0:00:00 usr=0:00:00 total=0:00:00
[CHECK OPEN NETS] Stage (MB): Used    0  Alloctr    0  Proc    0 
[CHECK OPEN NETS] Total (MB): Used   78  Alloctr   80  Proc 1672 
Printing options for 'route.common.*'
common.verbose_level                                    :	 0                   

Printing options for 'route.detail.*'
detail.antenna                                          :	 true                
detail.antenna_fixing_preference                        :	 use_diodes          
detail.diode_libcell_names                              :	 */ANTENNA_RVT       
detail.force_end_on_preferred_grid                      :	 true                
detail.optimize_wire_via_effort_level                   :	 high                
detail.save_after_iterations                            :	 2                   
detail.timing_driven                                    :	 true                

Printing options for 'route.auto_via_ladder.*'

*****Start reporting antenna related parameters*****
  Antenna/diode mode:
    Antenna mode 4; diode mode 2
      Metal lay (M1)0; maxRatio 1000.000 maxPRatio 2147483648.000 maxNRatio 2147483648.000; vector (0.060 0.000 400.000 40000.000 0.000)
      Cut lay (VIA1)1; maxRatio 20.000 maxPRatio 2147483648.000 maxNRatio 2147483648.000; vector (0.060 0.000 200.000 1000.000 0.000)
      Metal lay (M2)1; maxRatio 1000.000 maxPRatio 2147483648.000 maxNRatio 2147483648.000; vector (0.060 0.000 400.000 40000.000 0.000)
      Cut lay (VIA2)2; maxRatio 20.000 maxPRatio 2147483648.000 maxNRatio 2147483648.000; vector (0.060 0.000 200.000 1000.000 0.000)
      Metal lay (M3)2; maxRatio 1000.000 maxPRatio 2147483648.000 maxNRatio 2147483648.000; vector (0.060 0.000 400.000 40000.000 0.000)
      Cut lay (VIA3)3; maxRatio 20.000 maxPRatio 2147483648.000 maxNRatio 2147483648.000; vector (0.060 0.000 200.000 1000.000 0.000)
      Metal lay (M4)3; maxRatio 1000.000 maxPRatio 2147483648.000 maxNRatio 2147483648.000; vector (0.060 0.000 400.000 40000.000 0.000)
      Cut lay (VIA4)4; maxRatio 20.000 maxPRatio 2147483648.000 maxNRatio 2147483648.000; vector (0.060 0.000 200.000 1000.000 0.000)
      Metal lay (M5)4; maxRatio 1000.000 maxPRatio 2147483648.000 maxNRatio 2147483648.000; vector (0.060 0.000 400.000 40000.000 0.000)
      Cut lay (VIA5)5; maxRatio 20.000 maxPRatio 2147483648.000 maxNRatio 2147483648.000; vector (0.060 0.000 200.000 1000.000 0.000)
      Metal lay (M6)5; maxRatio 1000.000 maxPRatio 2147483648.000 maxNRatio 2147483648.000; vector (0.060 0.000 400.000 40000.000 0.000)
      Cut lay (VIA6)6; maxRatio 20.000 maxPRatio 2147483648.000 maxNRatio 2147483648.000; vector (0.060 0.000 200.000 1000.000 0.000)
      Metal lay (M7)6; maxRatio 1000.000 maxPRatio 2147483648.000 maxNRatio 2147483648.000; vector (0.060 0.000 400.000 40000.000 0.000)
      Cut lay (VIA7)7; maxRatio 20.000 maxPRatio 2147483648.000 maxNRatio 2147483648.000; vector (0.060 0.000 200.000 1000.000 0.000)
      Metal lay (M8)7; maxRatio 1000.000 maxPRatio 2147483648.000 maxNRatio 2147483648.000; vector (0.060 0.000 400.000 40000.000 0.000)
      Cut lay (VIA8)8; maxRatio 20.000 maxPRatio 2147483648.000 maxNRatio 2147483648.000; vector (0.060 0.000 200.000 1000.000 0.000)
      Metal lay (M9)8; maxRatio 1000.000 maxPRatio 2147483648.000 maxNRatio 2147483648.000; vector (0.060 0.000 8000.000 50000.000 0.000)
      Cut lay (VIARDL)9; maxRatio 20.000 maxPRatio 2147483648.000 maxNRatio 2147483648.000; vector (0.000 0.000 1.000 0.000 0.000)
      Metal lay (MRDL)9; maxRatio 1000.000 maxPRatio 2147483648.000 maxNRatio 2147483648.000; vector (0.000 0.000 1.000 0.000 0.000)
  Accumulate from metal to cut == false
  Accumulate from cut to metal == false
  Top lay antenna ratio fix threshold == -1
  Antenna max pin count threshold == -1
  Check PG net == false
  MergeGate == true
  Break antenna to port mode == float
  Break antenna to macro pin mode == normal
*****End reporting antenna related parameters*****
Warning: Skipping antenna analysis for net RST. The pin RST on cell UART does not have enough gate area information. (ZRT-311)
Warning: Skipping antenna analysis for net TX_CLK. The pin TX_CLK on cell UART does not have enough gate area information. (ZRT-311)
Warning: Skipping antenna analysis for net RX_CLK. The pin RX_CLK on cell UART does not have enough gate area information. (ZRT-311)
Warning: Skipping antenna analysis for net RX_IN_S. The pin RX_IN_S on cell UART does not have enough gate area information. (ZRT-311)
Warning: Skipping antenna analysis for net TX_IN_P[7]. The pin TX_IN_P[7] on cell UART does not have enough gate area information. (ZRT-311)
Warning: Skipping antenna analysis for net TX_IN_P[6]. The pin TX_IN_P[6] on cell UART does not have enough gate area information. (ZRT-311)
Warning: Skipping antenna analysis for net TX_IN_P[5]. The pin TX_IN_P[5] on cell UART does not have enough gate area information. (ZRT-311)
Warning: Skipping antenna analysis for net TX_IN_P[4]. The pin TX_IN_P[4] on cell UART does not have enough gate area information. (ZRT-311)
Warning: Skipping antenna analysis for net TX_IN_P[3]. The pin TX_IN_P[3] on cell UART does not have enough gate area information. (ZRT-311)
Warning: Skipping antenna analysis for net TX_IN_P[2]. The pin TX_IN_P[2] on cell UART does not have enough gate area information. (ZRT-311)
Warning: Skipping antenna analysis for net TX_IN_P[1]. The pin TX_IN_P[1] on cell UART does not have enough gate area information. (ZRT-311)
Warning: Skipping antenna analysis for net TX_IN_P[0]. The pin TX_IN_P[0] on cell UART does not have enough gate area information. (ZRT-311)
Warning: Skipping antenna analysis for net TX_IN_V. The pin TX_IN_V on cell UART does not have enough gate area information. (ZRT-311)
Warning: Skipping antenna analysis for net Prescale[5]. The pin Prescale[5] on cell UART does not have enough gate area information. (ZRT-311)
Warning: Skipping antenna analysis for net Prescale[4]. The pin Prescale[4] on cell UART does not have enough gate area information. (ZRT-311)
Warning: Skipping antenna analysis for net Prescale[3]. The pin Prescale[3] on cell UART does not have enough gate area information. (ZRT-311)
Warning: Skipping antenna analysis for net Prescale[2]. The pin Prescale[2] on cell UART does not have enough gate area information. (ZRT-311)
Warning: Skipping antenna analysis for net Prescale[1]. The pin Prescale[1] on cell UART does not have enough gate area information. (ZRT-311)
Warning: Skipping antenna analysis for net Prescale[0]. The pin Prescale[0] on cell UART does not have enough gate area information. (ZRT-311)
Warning: Skipping antenna analysis for net parity_enable. The pin parity_enable on cell UART does not have enough gate area information. (ZRT-311)
Warning: Skipping antenna analysis for net parity_type. The pin parity_type on cell UART does not have enough gate area information. (ZRT-311)
Warning: Skipping antenna analysis for net SI. The pin SI on cell UART does not have enough gate area information. (ZRT-311)
Warning: Skipping antenna analysis for net SE. The pin SE on cell UART does not have enough gate area information. (ZRT-311)
Warning: Skipping antenna analysis for net scan_clk. The pin scan_clk on cell UART does not have enough gate area information. (ZRT-311)
Warning: Skipping antenna analysis for net scan_rst. The pin scan_rst on cell UART does not have enough gate area information. (ZRT-311)
Warning: Skipping antenna analysis for net test_mode. The pin test_mode on cell UART does not have enough gate area information. (ZRT-311)
Skipping antenna analysis for 26 nets as they don't have enough gate area info.

Begin full DRC check ...

Information: Using 1 threads for routing. (ZRT-444)
Checked	1/1 Partitions, Violations =	0
[DRC CHECK] Elapsed real time: 0:00:00 
[DRC CHECK] Elapsed cpu  time: sys=0:00:00 usr=0:00:00 total=0:00:00
[DRC CHECK] Stage (MB): Used    0  Alloctr    0  Proc    0 
[DRC CHECK] Total (MB): Used   93  Alloctr   95  Proc 1672 
Start net based rule analysis
Found 0 antenna instance ports
End net based rule analysis
[Antenna analysis] Elapsed real time: 0:00:00 
[Antenna analysis] Elapsed cpu  time: sys=0:00:00 usr=0:00:00 total=0:00:00
[Antenna analysis] Stage (MB): Used    0  Alloctr    0  Proc    0 
[Antenna analysis] Total (MB): Used   93  Alloctr   96  Proc 1672 

DRC-SUMMARY:
	@@@@@@@ TOTAL VIOLATIONS =	0


Total Wire Length =                    4617 micron
Total Number of Contacts =             2782
Total Number of Wires =                2839
Total Number of PtConns =              405
Total Number of Routed Wires =       2839
Total Routed Wire Length =           4565 micron
Total Number of Routed Contacts =       2782
	Layer             M1 :        188 micron
	Layer             M2 :       1928 micron
	Layer             M3 :       1833 micron
	Layer             M4 :        560 micron
	Layer             M5 :         99 micron
	Layer             M6 :          9 micron
	Layer             M7 :          0 micron
	Layer             M8 :          0 micron
	Layer             M9 :          0 micron
	Layer           MRDL :          0 micron
	Via        VIA56SQ_C :          4
	Via   VIA45SQ_C(rot) :         22
	Via        VIA45LG_C :         10
	Via        VIA34SQ_C :        180
	Via   VIA34SQ_C(rot) :          1
	Via        VIA34LG_C :          1
	Via        VIA23SQ_C :          7
	Via   VIA23SQ_C(rot) :       1141
	Via   VIA23LG_C(rot) :          1
	Via        VIA12SQ_C :       1293
	Via   VIA12SQ_C(rot) :         63
	Via       VIA12BAR_C :         25
	Via    VIA12SQ_C_2x1 :         34

 
Redundant via conversion report:
--------------------------------

  Total optimized via conversion rate =  1.22% (34 / 2782 vias)
 
    Layer VIA1       =  2.40% (34     / 1415    vias)
        Weight 1     =  2.40% (34      vias)
        Un-optimized =  0.00% (0       vias)
        Un-mapped    = 97.60% (1381    vias)
    Layer VIA2       =  0.00% (0      / 1149    vias)
        Un-optimized =  0.00% (0       vias)
        Un-mapped    = 100.00% (1149    vias)
    Layer VIA3       =  0.00% (0      / 182     vias)
        Un-optimized =  0.00% (0       vias)
        Un-mapped    = 100.00% (182     vias)
    Layer VIA4       =  0.00% (0      / 32      vias)
        Un-optimized =  0.00% (0       vias)
        Un-mapped    = 100.00% (32      vias)
    Layer VIA5       =  0.00% (0      / 4       vias)
        Un-optimized =  0.00% (0       vias)
        Un-mapped    = 100.00% (4       vias)
 
  Total double via conversion rate    =  1.22% (34 / 2782 vias)
 
    Layer VIA1       =  2.40% (34     / 1415    vias)
    Layer VIA2       =  0.00% (0      / 1149    vias)
    Layer VIA3       =  0.00% (0      / 182     vias)
    Layer VIA4       =  0.00% (0      / 32      vias)
    Layer VIA5       =  0.00% (0      / 4       vias)
 
  The optimized via conversion rate based on total routed via count =  1.22% (34 / 2782 vias)
 
    Layer VIA1       =  2.40% (34     / 1415    vias)
        Weight 1     =  2.40% (34      vias)
        Un-optimized =  0.00% (0       vias)
        Un-mapped    = 97.60% (1381    vias)
    Layer VIA2       =  0.00% (0      / 1149    vias)
        Un-optimized =  0.00% (0       vias)
        Un-mapped    = 100.00% (1149    vias)
    Layer VIA3       =  0.00% (0      / 182     vias)
        Un-optimized =  0.00% (0       vias)
        Un-mapped    = 100.00% (182     vias)
    Layer VIA4       =  0.00% (0      / 32      vias)
        Un-optimized =  0.00% (0       vias)
        Un-mapped    = 100.00% (32      vias)
    Layer VIA5       =  0.00% (0      / 4       vias)
        Un-optimized =  0.00% (0       vias)
        Un-mapped    = 100.00% (4       vias)
 


Verify Summary:

Total number of nets = 443, of which 0 are not extracted
Total number of open nets = 0, of which 0 are frozen
Total number of excluded ports = 0 ports of 0 unplaced cells connected to 0 nets
                                 0 ports without pins of 0 cells connected to 0 nets
                                 0 ports of 0 cover cells connected to 0 non-pg nets
Total number of DRCs = 0
Total number of antenna violations = 0
Total number of tie to rail violations = not checked
Total number of tie to rail directly violations = not checked


