****************************************
Report : constraint
        -verbose
        -all_violators
        -max_capacitance
Design : UART
Version: O-2018.06-SP1
Date   : Sat Apr 27 15:21:24 2024
****************************************




   Total number of violation(s): 0
1
****************************************
Report : constraint
        -verbose
        -all_violators
        -max_capacitance
Design : UART
Version: O-2018.06-SP1
Date   : Sat Apr 27 16:42:21 2024
****************************************




   Total number of violation(s): 0
1
****************************************
Report : constraint
        -verbose
        -all_violators
        -max_capacitance
Design : UART
Version: O-2018.06-SP1
Date   : Sun Apr 28 19:14:25 2024
****************************************




   Total number of violation(s): 0
1
****************************************
Report : constraint
        -verbose
        -all_violators
        -max_capacitance
Design : UART
Version: O-2018.06-SP1
Date   : Sun Apr 28 19:25:17 2024
****************************************




   Total number of violation(s): 0
1
